test_checks = false

[checks]
script = "script"
interpreter = "sh"

[autofix]
interpreter = "sh"

[processor]
interpreter = "sh"
