test_autofix = false

[checks]
interpreter = "sh"

[autofix]
script = "script"
interpreter = "sh"

[processor]
interpreter = "sh"
