package main

var foo int = 10

func bar() {
	a := 10
	a = a
}

func baz() {
	a := 10
	a = a
}

func lorem() {
	a := 10
	a = a
}
