test_checks = true

[checks]
script = "script"
interpreter = "sh"

[autofix]
interpreter = "sh"

[processor]
interpreter = "sh"
